
> 수업비서@0.0.0 build
> vite build

[36mvite v6.4.1 [32mbuilding for production...[36m[39m

/index.css doesn't exist at build time, it will remain unchanged to be resolved at runtime
transforming...
[32m✓[39m 33 modules transformed.
